// Jest Snapshot v1, https://goo.gl/fbAQLP

exports[`Logo component should render 1`] = `ShallowWrapper {}`;
